// Jest Snapshot v1, https://goo.gl/fbAQLP

exports[`<HomePage /> should render and match the snapshot 1`] = `
<div
  class="card"
>
  <div
    class="card-header"
  >
    <span>
      The Nerd Café
    </span>
  </div>
  <div
    class="card-body"
  >
    <div>
      Comming Soon...
    </div>
  </div>
  <div
    class="card-footer"
  >
    Copyright © 2020
  </div>
</div>
`;
